C:\Users\LIZETH LONDOÑO MARIN\septiembre11>git clone https://github.com/Lizeth-Londono/Homeworks-and-Challenges
Cloning into 'Homeworks-and-Challenges'...
warning: You appear to have cloned an empty repository.

C:\Users\LIZETH LONDOÑO MARIN\septiembre11>git init
Initialized empty Git repository in C:/Users/LIZETH LONDO├æO MARIN/septiembre11/.git/

C:\Users\LIZETH LONDOÑO MARIN\septiembre11>git status
On branch master

No commits yet

Untracked files:
  (use "git add <file>..." to include in what will be committed)
        Homeworks-and-Challenges/

nothing added to commit but untracked files present (use "git add" to track)

C:\Users\LIZETH LONDOÑO MARIN\septiembre11>git checkout -b 01-Arrays
Switched to a new branch '01-Arrays'

C:\Users\LIZETH LONDOÑO MARIN\septiembre11>git status
On branch 01-Arrays

No commits yet

Untracked files:
  (use "git add <file>..." to include in what will be committed)
        Homeworks-and-Challenges/

nothing added to commit but untracked files present (use "git add" to track)